------------------------------------------------------------
Timing Analyzer Summary
------------------------------------------------------------

Type  : Slow 1100mV 85C Model Setup 'CLOCK_50'
Slack : -2.361
TNS   : -70.956

Type  : Slow 1100mV 85C Model Hold 'CLOCK_50'
Slack : 0.365
TNS   : 0.000

Type  : Slow 1100mV 85C Model Minimum Pulse Width 'CLOCK_50'
Slack : -2.636
TNS   : -108.556

Type  : Slow 1100mV 0C Model Setup 'CLOCK_50'
Slack : -2.280
TNS   : -68.897

Type  : Slow 1100mV 0C Model Hold 'CLOCK_50'
Slack : 0.295
TNS   : 0.000

Type  : Slow 1100mV 0C Model Minimum Pulse Width 'CLOCK_50'
Slack : -2.636
TNS   : -105.285

Type  : Fast 1100mV 85C Model Setup 'CLOCK_50'
Slack : -1.057
TNS   : -22.467

Type  : Fast 1100mV 85C Model Hold 'CLOCK_50'
Slack : 0.180
TNS   : 0.000

Type  : Fast 1100mV 85C Model Minimum Pulse Width 'CLOCK_50'
Slack : -2.636
TNS   : -97.370

Type  : Fast 1100mV 0C Model Setup 'CLOCK_50'
Slack : -0.898
TNS   : -18.475

Type  : Fast 1100mV 0C Model Hold 'CLOCK_50'
Slack : 0.128
TNS   : 0.000

Type  : Fast 1100mV 0C Model Minimum Pulse Width 'CLOCK_50'
Slack : -2.636
TNS   : -103.388

------------------------------------------------------------
